// Jest Snapshot v1, https://goo.gl/fbAQLP

exports[`Input snapshot 1`] = `
<div class="input">
  <!--v-if--><input type="text" name="search" placeholder="Search">
</div>
`;
